// Vitest Snapshot v1

exports[`snapshot test > App Component 1`] = `
.emotion-0 {
  font-weight: bold;
}

.emotion-1 {
  color: green;
}

.emotion-2 {
  color: blue;
}

.emotion-3 {
  color: blue;
  font-weight: bold;
}

<div
  class="App emotion-0"
  data-testid="App"
>
  <div>
    <a
      href="https://vitejs.dev"
      rel="noreferrer"
      target="_blank"
    >
      <img
        alt="Vite logo"
        class="logo"
        src="/vite.svg"
      />
    </a>
    <a
      href="https://reactjs.org"
      rel="noreferrer"
      target="_blank"
    >
      <img
        alt="React logo"
        class="logo react"
        src="/src/assets/react.svg"
      />
    </a>
  </div>
  <h1>
    Vite + React
  </h1>
  <div
    class="card"
  >
    <button>
      <p
        class="emotion-1"
      >
        count is 
        0
      </p>
    </button>
    <p
      class="emotion-2"
    >
      Edit 
      <code>
        src/App.tsx
      </code>
       and save to test HMR
    </p>
  </div>
  <p
    class="read-the-docs"
  >
    Click on the Vite and React logos to learn more
  </p>
  <div>
    <span
      class="emotion-3"
    >
      2022/9/18 17:52:10
    </span>
  </div>
</div>
`;
